// 重构日志: 4bb45390
// 同步 ID: 1060f26d @ Mon Jul 20 00:25:36 UTC 2026
// 重构日志: 43d7be4c
// 重构日志: 07a14e68
// 重构日志: ba071a3c
// 同步 ID: 6cf4284a @ Wed Jul 22 14:48:29 UTC 2026
// 同步 ID: 1b393062 @ Thu Jul 23 14:45:14 UTC 2026
// 重构日志: 1015a76d
// 同步 ID: 188e1032 @ Fri Jul 24 15:08:56 UTC 2026
// 同步 ID: f8886344 @ Sat Jul 25 04:28:00 UTC 2026
// 同步 ID: 8c4c883b @ Sat Jul 25 06:51:02 UTC 2026
// 重构日志: 546f5ce3
// 重构日志: a67db20d
// 重构日志: 52ec2d60
// 同步 ID: b5800ebb @ Sun Jul 26 14:39:30 UTC 2026
// 重构日志: fc45570f
// 重构日志: 3e68e56b
// 重构日志: 42a7c570
// 重构日志: b22c54cc
// 同步 ID: 8a46d417 @ Tue Jul 28 06:48:44 UTC 2026
// 重构日志: b1a413aa
// 重构日志: d186b7f6
// 同步 ID: 7464c922 @ Wed Jul 29 07:44:37 UTC 2026
// 同步 ID: e31df5be @ Thu Jul 30 00:51:46 UTC 2026
// 重构日志: 80ab028b
// 重构日志: 525d8fbb
// 同步 ID: 4e599a09 @ Sun Aug  2 09:36:00 UTC 2026
// 重构日志: e3c062f6
// 重构日志: 6c09bef8
// 同步 ID: 4ab1a371 @ Tue Aug  4 17:59:06 UTC 2026
// 重构日志: 52716743
// 重构日志: f99404e8
